// Jest Snapshot v1, https://goo.gl/fbAQLP

exports[`matches snapshot 1`] = `
<div
  className="ButtonWrapper"
  data-testid="std-btn"
>
  <button>
    save
  </button>
</div>
`;
